<?xml version="1.0" encoding="UTF-8"?>
<TestRun id="bb4e3680-95de-46af-88a3-3908caeeb580" name="Administrator@MSSQLSERVER008 2022-06-11 20:01:05" runUser="MSSQLSERVER008\Administrator" xmlns="http://microsoft.com/schemas/VisualStudio/TeamTest/2006">
  <TestRunConfiguration name="Local Test Run" id="bd454a8c-6d30-410a-8ddd-a96b5ebeade3">
    <Description>This is a default test run configuration for a local test run.</Description>
    <Deployment runDeploymentRoot="C:\Users\Administrator\Pictures\Projekt_BD2_nr1\Projekt_BD2_nr1\Projekt_BD2_nr1\TwoDimensionalTypeData\TestResults\Administrator_MSSQLSERVER008 2022-06-11 20_01_05" />
    <TestTypeSpecific />
  </TestRunConfiguration>
  <ResultSummary outcome="Completed">
    <Counters total="15" executed="15" passed="15" error="0" failed="0" timeout="0" aborted="0" inconclusive="0" passedButRunAborted="0" notRunnable="0" notExecuted="0" disconnected="0" warning="0" completed="0" inProgress="0" pending="0" />
  </ResultSummary>
  <Times creation="2022-06-11T20:01:05.8648918+02:00" queuing="2022-06-11T20:01:07.7618918+02:00" start="2022-06-11T20:01:07.9918918+02:00" finish="2022-06-11T20:01:08.7298918+02:00" />
  <TestDefinitions>
    <UnitTest name="TestInsertWithLessThan3VerticesToPolygon" storage="c:\users\administrator\pictures\projekt_bd2_nr1\projekt_bd2_nr1\projekt_bd2_nr1\twodimensionaltypedata\twodimensionalunittests\bin\debug\unittests.dll" id="e82c0de2-105f-b7bf-4ead-1af9dbf81c9a">
      <Css projectStructure="" iteration="" />
      <Owners>
        <Owner name="" />
      </Owners>
      <Execution id="45990731-50d2-4363-8abc-8dc4b1e32328" />
      <TestMethod codeBase="C:\Users\Administrator\Pictures\Projekt_BD2_nr1\Projekt_BD2_nr1\Projekt_BD2_nr1\TwoDimensionalTypeData\TwoDimensionalUnitTests\bin\Debug\UnitTests.dll" adapterTypeName="Microsoft.VisualStudio.TestTools.TestTypes.Unit.UnitTestAdapter, Microsoft.VisualStudio.QualityTools.Tips.UnitTest.Adapter, Version=9.0.0.0, Culture=neutral, PublicKeyToken=b03f5f7f11d50a3a" className="TwoDimensionalUnitTests.PolygonTests, UnitTests" name="TestInsertWithLessThan3VerticesToPolygon" />
    </UnitTest>
    <UnitTest name="TestPolygonInsertTrue" storage="c:\users\administrator\pictures\projekt_bd2_nr1\projekt_bd2_nr1\projekt_bd2_nr1\twodimensionaltypedata\twodimensionalunittests\bin\debug\unittests.dll" id="6d0fe11c-e0c5-c7b5-76ef-9229270c078b">
      <Css projectStructure="" iteration="" />
      <Owners>
        <Owner name="" />
      </Owners>
      <Execution id="4703f7f0-e7c4-4220-ba16-c77b6141547e" />
      <TestMethod codeBase="C:\Users\Administrator\Pictures\Projekt_BD2_nr1\Projekt_BD2_nr1\Projekt_BD2_nr1\TwoDimensionalTypeData\TwoDimensionalUnitTests\bin\Debug\UnitTests.dll" adapterTypeName="Microsoft.VisualStudio.TestTools.TestTypes.Unit.UnitTestAdapter, Microsoft.VisualStudio.QualityTools.Tips.UnitTest.Adapter, Version=9.0.0.0, Culture=neutral, PublicKeyToken=b03f5f7f11d50a3a" className="TwoDimensionalUnitTests.PolygonTests, UnitTests" name="TestPolygonInsertTrue" />
    </UnitTest>
    <UnitTest name="TestAreaOfPolygon" storage="c:\users\administrator\pictures\projekt_bd2_nr1\projekt_bd2_nr1\projekt_bd2_nr1\twodimensionaltypedata\twodimensionalunittests\bin\debug\unittests.dll" id="f314c195-ac22-0b37-d4cb-c3d78603d852">
      <Css projectStructure="" iteration="" />
      <Owners>
        <Owner name="" />
      </Owners>
      <Execution id="ac38ea36-b5f4-42cc-8279-4fc5f7385a7c" />
      <TestMethod codeBase="C:\Users\Administrator\Pictures\Projekt_BD2_nr1\Projekt_BD2_nr1\Projekt_BD2_nr1\TwoDimensionalTypeData\TwoDimensionalUnitTests\bin\Debug\UnitTests.dll" adapterTypeName="Microsoft.VisualStudio.TestTools.TestTypes.Unit.UnitTestAdapter, Microsoft.VisualStudio.QualityTools.Tips.UnitTest.Adapter, Version=9.0.0.0, Culture=neutral, PublicKeyToken=b03f5f7f11d50a3a" className="TwoDimensionalUnitTests.PolygonTests, UnitTests" name="TestAreaOfPolygon" />
    </UnitTest>
    <UnitTest name="TestInsertWithEqualVerticesToPolygon" storage="c:\users\administrator\pictures\projekt_bd2_nr1\projekt_bd2_nr1\projekt_bd2_nr1\twodimensionaltypedata\twodimensionalunittests\bin\debug\unittests.dll" id="b8c1d272-aad1-fc85-0663-60cb73a59f47">
      <Css projectStructure="" iteration="" />
      <Owners>
        <Owner name="" />
      </Owners>
      <Execution id="7a16685b-02dc-4e63-b79b-a937e7f6eab0" />
      <TestMethod codeBase="C:\Users\Administrator\Pictures\Projekt_BD2_nr1\Projekt_BD2_nr1\Projekt_BD2_nr1\TwoDimensionalTypeData\TwoDimensionalUnitTests\bin\Debug\UnitTests.dll" adapterTypeName="Microsoft.VisualStudio.TestTools.TestTypes.Unit.UnitTestAdapter, Microsoft.VisualStudio.QualityTools.Tips.UnitTest.Adapter, Version=9.0.0.0, Culture=neutral, PublicKeyToken=b03f5f7f11d50a3a" className="TwoDimensionalUnitTests.PolygonTests, UnitTests" name="TestInsertWithEqualVerticesToPolygon" />
    </UnitTest>
    <UnitTest name="TestGetXFromPoint" storage="c:\users\administrator\pictures\projekt_bd2_nr1\projekt_bd2_nr1\projekt_bd2_nr1\twodimensionaltypedata\twodimensionalunittests\bin\debug\unittests.dll" id="f4679840-e4d2-7c15-7c41-edc70f922329">
      <Css projectStructure="" iteration="" />
      <Owners>
        <Owner name="" />
      </Owners>
      <Execution id="0793b85a-3a06-4a43-81fb-22388ab4917f" />
      <TestMethod codeBase="C:\Users\Administrator\Pictures\Projekt_BD2_nr1\Projekt_BD2_nr1\Projekt_BD2_nr1\TwoDimensionalTypeData\TwoDimensionalUnitTests\bin\Debug\UnitTests.dll" adapterTypeName="Microsoft.VisualStudio.TestTools.TestTypes.Unit.UnitTestAdapter, Microsoft.VisualStudio.QualityTools.Tips.UnitTest.Adapter, Version=9.0.0.0, Culture=neutral, PublicKeyToken=b03f5f7f11d50a3a" className="TwoDimensionalUnitTests.PointTests, UnitTests" name="TestGetXFromPoint" />
    </UnitTest>
    <UnitTest name="TestDistanceOfPoints" storage="c:\users\administrator\pictures\projekt_bd2_nr1\projekt_bd2_nr1\projekt_bd2_nr1\twodimensionaltypedata\twodimensionalunittests\bin\debug\unittests.dll" id="1b89ed30-7d36-096c-90f9-de459941a913">
      <Css projectStructure="" iteration="" />
      <Owners>
        <Owner name="" />
      </Owners>
      <Execution id="85b1e5e9-1851-4de3-b93f-0ff424ec9721" />
      <TestMethod codeBase="C:\Users\Administrator\Pictures\Projekt_BD2_nr1\Projekt_BD2_nr1\Projekt_BD2_nr1\TwoDimensionalTypeData\TwoDimensionalUnitTests\bin\Debug\UnitTests.dll" adapterTypeName="Microsoft.VisualStudio.TestTools.TestTypes.Unit.UnitTestAdapter, Microsoft.VisualStudio.QualityTools.Tips.UnitTest.Adapter, Version=9.0.0.0, Culture=neutral, PublicKeyToken=b03f5f7f11d50a3a" className="TwoDimensionalUnitTests.PointTests, UnitTests" name="TestDistanceOfPoints" />
    </UnitTest>
    <UnitTest name="TestGetYFromPoint" storage="c:\users\administrator\pictures\projekt_bd2_nr1\projekt_bd2_nr1\projekt_bd2_nr1\twodimensionaltypedata\twodimensionalunittests\bin\debug\unittests.dll" id="3ae32d2e-2a4a-6d8c-97c9-f9a48b062efa">
      <Css projectStructure="" iteration="" />
      <Owners>
        <Owner name="" />
      </Owners>
      <Execution id="9d4d4a78-3602-4d0b-b1be-180f56c1b4ae" />
      <TestMethod codeBase="C:\Users\Administrator\Pictures\Projekt_BD2_nr1\Projekt_BD2_nr1\Projekt_BD2_nr1\TwoDimensionalTypeData\TwoDimensionalUnitTests\bin\Debug\UnitTests.dll" adapterTypeName="Microsoft.VisualStudio.TestTools.TestTypes.Unit.UnitTestAdapter, Microsoft.VisualStudio.QualityTools.Tips.UnitTest.Adapter, Version=9.0.0.0, Culture=neutral, PublicKeyToken=b03f5f7f11d50a3a" className="TwoDimensionalUnitTests.PointTests, UnitTests" name="TestGetYFromPoint" />
    </UnitTest>
    <UnitTest name="TestPolygonTryToInsertStringPoint" storage="c:\users\administrator\pictures\projekt_bd2_nr1\projekt_bd2_nr1\projekt_bd2_nr1\twodimensionaltypedata\twodimensionalunittests\bin\debug\unittests.dll" id="6622d7b8-e194-21a5-e5b7-d9d180c60f5f">
      <Css projectStructure="" iteration="" />
      <Owners>
        <Owner name="" />
      </Owners>
      <Execution id="ae079299-f970-44c5-bc9d-d125eaf08b09" />
      <TestMethod codeBase="C:\Users\Administrator\Pictures\Projekt_BD2_nr1\Projekt_BD2_nr1\Projekt_BD2_nr1\TwoDimensionalTypeData\TwoDimensionalUnitTests\bin\Debug\UnitTests.dll" adapterTypeName="Microsoft.VisualStudio.TestTools.TestTypes.Unit.UnitTestAdapter, Microsoft.VisualStudio.QualityTools.Tips.UnitTest.Adapter, Version=9.0.0.0, Culture=neutral, PublicKeyToken=b03f5f7f11d50a3a" className="TwoDimensionalUnitTests.PolygonTests, UnitTests" name="TestPolygonTryToInsertStringPoint" />
    </UnitTest>
    <UnitTest name="TestFalseForPolygonPointInside" storage="c:\users\administrator\pictures\projekt_bd2_nr1\projekt_bd2_nr1\projekt_bd2_nr1\twodimensionaltypedata\twodimensionalunittests\bin\debug\unittests.dll" id="1b4dbf96-9731-e576-ff96-e31b8a60f6f5">
      <Css projectStructure="" iteration="" />
      <Owners>
        <Owner name="" />
      </Owners>
      <Execution id="17b6f897-1659-4de0-85f6-7fc2dd25dcb7" />
      <TestMethod codeBase="C:\Users\Administrator\Pictures\Projekt_BD2_nr1\Projekt_BD2_nr1\Projekt_BD2_nr1\TwoDimensionalTypeData\TwoDimensionalUnitTests\bin\Debug\UnitTests.dll" adapterTypeName="Microsoft.VisualStudio.TestTools.TestTypes.Unit.UnitTestAdapter, Microsoft.VisualStudio.QualityTools.Tips.UnitTest.Adapter, Version=9.0.0.0, Culture=neutral, PublicKeyToken=b03f5f7f11d50a3a" className="TwoDimensionalUnitTests.PolygonTests, UnitTests" name="TestFalseForPolygonPointInside" />
    </UnitTest>
    <UnitTest name="TestPolygonToString" storage="c:\users\administrator\pictures\projekt_bd2_nr1\projekt_bd2_nr1\projekt_bd2_nr1\twodimensionaltypedata\twodimensionalunittests\bin\debug\unittests.dll" id="c4e17b35-ede1-86ba-1c61-22118f93737d">
      <Css projectStructure="" iteration="" />
      <Owners>
        <Owner name="" />
      </Owners>
      <Execution id="30895e00-2bf4-4bc9-8da9-c835be6ab949" />
      <TestMethod codeBase="C:\Users\Administrator\Pictures\Projekt_BD2_nr1\Projekt_BD2_nr1\Projekt_BD2_nr1\TwoDimensionalTypeData\TwoDimensionalUnitTests\bin\Debug\UnitTests.dll" adapterTypeName="Microsoft.VisualStudio.TestTools.TestTypes.Unit.UnitTestAdapter, Microsoft.VisualStudio.QualityTools.Tips.UnitTest.Adapter, Version=9.0.0.0, Culture=neutral, PublicKeyToken=b03f5f7f11d50a3a" className="TwoDimensionalUnitTests.PolygonTests, UnitTests" name="TestPolygonToString" />
    </UnitTest>
    <UnitTest name="TestPointTryToInsertDoublePoint" storage="c:\users\administrator\pictures\projekt_bd2_nr1\projekt_bd2_nr1\projekt_bd2_nr1\twodimensionaltypedata\twodimensionalunittests\bin\debug\unittests.dll" id="a5968590-10f2-dacf-bc06-bebef087cbe4">
      <Css projectStructure="" iteration="" />
      <Owners>
        <Owner name="" />
      </Owners>
      <Execution id="b9df0a77-6c31-483a-958f-0f8c27d1cf16" />
      <TestMethod codeBase="C:\Users\Administrator\Pictures\Projekt_BD2_nr1\Projekt_BD2_nr1\Projekt_BD2_nr1\TwoDimensionalTypeData\TwoDimensionalUnitTests\bin\Debug\UnitTests.dll" adapterTypeName="Microsoft.VisualStudio.TestTools.TestTypes.Unit.UnitTestAdapter, Microsoft.VisualStudio.QualityTools.Tips.UnitTest.Adapter, Version=9.0.0.0, Culture=neutral, PublicKeyToken=b03f5f7f11d50a3a" className="TwoDimensionalUnitTests.PointTests, UnitTests" name="TestPointTryToInsertDoublePoint" />
    </UnitTest>
    <UnitTest name="TestPolygonTryToInsertDoublePoint" storage="c:\users\administrator\pictures\projekt_bd2_nr1\projekt_bd2_nr1\projekt_bd2_nr1\twodimensionaltypedata\twodimensionalunittests\bin\debug\unittests.dll" id="29a6a959-8879-2661-69a9-22f21618a378">
      <Css projectStructure="" iteration="" />
      <Owners>
        <Owner name="" />
      </Owners>
      <Execution id="ee1c5e11-126a-43bb-b18e-5997ce7aee39" />
      <TestMethod codeBase="C:\Users\Administrator\Pictures\Projekt_BD2_nr1\Projekt_BD2_nr1\Projekt_BD2_nr1\TwoDimensionalTypeData\TwoDimensionalUnitTests\bin\Debug\UnitTests.dll" adapterTypeName="Microsoft.VisualStudio.TestTools.TestTypes.Unit.UnitTestAdapter, Microsoft.VisualStudio.QualityTools.Tips.UnitTest.Adapter, Version=9.0.0.0, Culture=neutral, PublicKeyToken=b03f5f7f11d50a3a" className="TwoDimensionalUnitTests.PolygonTests, UnitTests" name="TestPolygonTryToInsertDoublePoint" />
    </UnitTest>
    <UnitTest name="TestPointToString" storage="c:\users\administrator\pictures\projekt_bd2_nr1\projekt_bd2_nr1\projekt_bd2_nr1\twodimensionaltypedata\twodimensionalunittests\bin\debug\unittests.dll" id="85d903ef-e8af-53fa-d968-0206a904f44e">
      <Css projectStructure="" iteration="" />
      <Owners>
        <Owner name="" />
      </Owners>
      <Execution id="82dbf201-3632-4ae8-b5f2-4388042ad50d" />
      <TestMethod codeBase="C:\Users\Administrator\Pictures\Projekt_BD2_nr1\Projekt_BD2_nr1\Projekt_BD2_nr1\TwoDimensionalTypeData\TwoDimensionalUnitTests\bin\Debug\UnitTests.dll" adapterTypeName="Microsoft.VisualStudio.TestTools.TestTypes.Unit.UnitTestAdapter, Microsoft.VisualStudio.QualityTools.Tips.UnitTest.Adapter, Version=9.0.0.0, Culture=neutral, PublicKeyToken=b03f5f7f11d50a3a" className="TwoDimensionalUnitTests.PointTests, UnitTests" name="TestPointToString" />
    </UnitTest>
    <UnitTest name="TestPointTryToInsertStringPoint" storage="c:\users\administrator\pictures\projekt_bd2_nr1\projekt_bd2_nr1\projekt_bd2_nr1\twodimensionaltypedata\twodimensionalunittests\bin\debug\unittests.dll" id="9d41b0b6-7b2e-1651-d7ab-4d423a17f002">
      <Css projectStructure="" iteration="" />
      <Owners>
        <Owner name="" />
      </Owners>
      <Execution id="3647d231-e252-43ca-a394-5eff67ea9d1d" />
      <TestMethod codeBase="C:\Users\Administrator\Pictures\Projekt_BD2_nr1\Projekt_BD2_nr1\Projekt_BD2_nr1\TwoDimensionalTypeData\TwoDimensionalUnitTests\bin\Debug\UnitTests.dll" adapterTypeName="Microsoft.VisualStudio.TestTools.TestTypes.Unit.UnitTestAdapter, Microsoft.VisualStudio.QualityTools.Tips.UnitTest.Adapter, Version=9.0.0.0, Culture=neutral, PublicKeyToken=b03f5f7f11d50a3a" className="TwoDimensionalUnitTests.PointTests, UnitTests" name="TestPointTryToInsertStringPoint" />
    </UnitTest>
    <UnitTest name="TestTrueForPolygonPointInside" storage="c:\users\administrator\pictures\projekt_bd2_nr1\projekt_bd2_nr1\projekt_bd2_nr1\twodimensionaltypedata\twodimensionalunittests\bin\debug\unittests.dll" id="63913b23-6834-88a6-6920-cee4fe6abc21">
      <Css projectStructure="" iteration="" />
      <Owners>
        <Owner name="" />
      </Owners>
      <Execution id="c6064486-bad6-4600-9270-9ef575e8fdb5" />
      <TestMethod codeBase="C:\Users\Administrator\Pictures\Projekt_BD2_nr1\Projekt_BD2_nr1\Projekt_BD2_nr1\TwoDimensionalTypeData\TwoDimensionalUnitTests\bin\Debug\UnitTests.dll" adapterTypeName="Microsoft.VisualStudio.TestTools.TestTypes.Unit.UnitTestAdapter, Microsoft.VisualStudio.QualityTools.Tips.UnitTest.Adapter, Version=9.0.0.0, Culture=neutral, PublicKeyToken=b03f5f7f11d50a3a" className="TwoDimensionalUnitTests.PolygonTests, UnitTests" name="TestTrueForPolygonPointInside" />
    </UnitTest>
  </TestDefinitions>
  <TestLists>
    <TestList name="Results Not in a List" id="8c84fa94-04c1-424b-9868-57a2d4851a1d" />
    <TestList name="All Loaded Results" id="19431567-8539-422a-85d7-44ee4e166bda" />
  </TestLists>
  <TestEntries>
    <TestEntry testId="1b4dbf96-9731-e576-ff96-e31b8a60f6f5" executionId="17b6f897-1659-4de0-85f6-7fc2dd25dcb7" testListId="8c84fa94-04c1-424b-9868-57a2d4851a1d" />
    <TestEntry testId="1b89ed30-7d36-096c-90f9-de459941a913" executionId="85b1e5e9-1851-4de3-b93f-0ff424ec9721" testListId="8c84fa94-04c1-424b-9868-57a2d4851a1d" />
    <TestEntry testId="29a6a959-8879-2661-69a9-22f21618a378" executionId="ee1c5e11-126a-43bb-b18e-5997ce7aee39" testListId="8c84fa94-04c1-424b-9868-57a2d4851a1d" />
    <TestEntry testId="3ae32d2e-2a4a-6d8c-97c9-f9a48b062efa" executionId="9d4d4a78-3602-4d0b-b1be-180f56c1b4ae" testListId="8c84fa94-04c1-424b-9868-57a2d4851a1d" />
    <TestEntry testId="63913b23-6834-88a6-6920-cee4fe6abc21" executionId="c6064486-bad6-4600-9270-9ef575e8fdb5" testListId="8c84fa94-04c1-424b-9868-57a2d4851a1d" />
    <TestEntry testId="6622d7b8-e194-21a5-e5b7-d9d180c60f5f" executionId="ae079299-f970-44c5-bc9d-d125eaf08b09" testListId="8c84fa94-04c1-424b-9868-57a2d4851a1d" />
    <TestEntry testId="6d0fe11c-e0c5-c7b5-76ef-9229270c078b" executionId="4703f7f0-e7c4-4220-ba16-c77b6141547e" testListId="8c84fa94-04c1-424b-9868-57a2d4851a1d" />
    <TestEntry testId="85d903ef-e8af-53fa-d968-0206a904f44e" executionId="82dbf201-3632-4ae8-b5f2-4388042ad50d" testListId="8c84fa94-04c1-424b-9868-57a2d4851a1d" />
    <TestEntry testId="9d41b0b6-7b2e-1651-d7ab-4d423a17f002" executionId="3647d231-e252-43ca-a394-5eff67ea9d1d" testListId="8c84fa94-04c1-424b-9868-57a2d4851a1d" />
    <TestEntry testId="a5968590-10f2-dacf-bc06-bebef087cbe4" executionId="b9df0a77-6c31-483a-958f-0f8c27d1cf16" testListId="8c84fa94-04c1-424b-9868-57a2d4851a1d" />
    <TestEntry testId="b8c1d272-aad1-fc85-0663-60cb73a59f47" executionId="7a16685b-02dc-4e63-b79b-a937e7f6eab0" testListId="8c84fa94-04c1-424b-9868-57a2d4851a1d" />
    <TestEntry testId="c4e17b35-ede1-86ba-1c61-22118f93737d" executionId="30895e00-2bf4-4bc9-8da9-c835be6ab949" testListId="8c84fa94-04c1-424b-9868-57a2d4851a1d" />
    <TestEntry testId="e82c0de2-105f-b7bf-4ead-1af9dbf81c9a" executionId="45990731-50d2-4363-8abc-8dc4b1e32328" testListId="8c84fa94-04c1-424b-9868-57a2d4851a1d" />
    <TestEntry testId="f314c195-ac22-0b37-d4cb-c3d78603d852" executionId="ac38ea36-b5f4-42cc-8279-4fc5f7385a7c" testListId="8c84fa94-04c1-424b-9868-57a2d4851a1d" />
    <TestEntry testId="f4679840-e4d2-7c15-7c41-edc70f922329" executionId="0793b85a-3a06-4a43-81fb-22388ab4917f" testListId="8c84fa94-04c1-424b-9868-57a2d4851a1d" />
  </TestEntries>
  <Results>
    <UnitTestResult executionId="17b6f897-1659-4de0-85f6-7fc2dd25dcb7" testId="1b4dbf96-9731-e576-ff96-e31b8a60f6f5" testName="TestFalseForPolygonPointInside" computerName="MSSQLSERVER008" duration="00:00:00.0045521" startTime="2022-06-11T20:01:08.2078918+02:00" endTime="2022-06-11T20:01:08.4728918+02:00" testType="13cdc9d9-ddb5-4fa4-a97d-d965ccfc6d4b" outcome="Passed" testListId="8c84fa94-04c1-424b-9868-57a2d4851a1d">
      <Output>
      </Output>
    </UnitTestResult>
    <UnitTestResult executionId="85b1e5e9-1851-4de3-b93f-0ff424ec9721" testId="1b89ed30-7d36-096c-90f9-de459941a913" testName="TestDistanceOfPoints" computerName="MSSQLSERVER008" duration="00:00:00.0026065" startTime="2022-06-11T20:01:08.4758918+02:00" endTime="2022-06-11T20:01:08.4878918+02:00" testType="13cdc9d9-ddb5-4fa4-a97d-d965ccfc6d4b" outcome="Passed" testListId="8c84fa94-04c1-424b-9868-57a2d4851a1d">
      <Output>
      </Output>
    </UnitTestResult>
    <UnitTestResult executionId="ee1c5e11-126a-43bb-b18e-5997ce7aee39" testId="29a6a959-8879-2661-69a9-22f21618a378" testName="TestPolygonTryToInsertDoublePoint" computerName="MSSQLSERVER008" duration="00:00:00.0038115" startTime="2022-06-11T20:01:08.4908918+02:00" endTime="2022-06-11T20:01:08.4978918+02:00" testType="13cdc9d9-ddb5-4fa4-a97d-d965ccfc6d4b" outcome="Passed" testListId="8c84fa94-04c1-424b-9868-57a2d4851a1d">
      <Output>
        <StdOut>Test Passed
A .NET Framework error occurred during execution of user-defined routine or aggregate "Polygon": 
System.FormatException: Nieprawidłowy format ciągu wejściowego.
System.FormatException: 
   w System.Number.StringToNumber(String str, NumberStyles options, NumberBuffer&amp; number, NumberFormatInfo info, Boolean parseDecimal)
   w System.Number.ParseInt32(String s, NumberStyles style, NumberFormatInfo info)
   w System.Int32.Parse(String s)
   w Polygon.Parse(SqlString value)
.
The statement has been terminated.</StdOut>
      </Output>
    </UnitTestResult>
    <UnitTestResult executionId="9d4d4a78-3602-4d0b-b1be-180f56c1b4ae" testId="3ae32d2e-2a4a-6d8c-97c9-f9a48b062efa" testName="TestGetYFromPoint" computerName="MSSQLSERVER008" duration="00:00:00.0024281" startTime="2022-06-11T20:01:08.5008918+02:00" endTime="2022-06-11T20:01:08.5058918+02:00" testType="13cdc9d9-ddb5-4fa4-a97d-d965ccfc6d4b" outcome="Passed" testListId="8c84fa94-04c1-424b-9868-57a2d4851a1d">
      <Output>
      </Output>
    </UnitTestResult>
    <UnitTestResult executionId="c6064486-bad6-4600-9270-9ef575e8fdb5" testId="63913b23-6834-88a6-6920-cee4fe6abc21" testName="TestTrueForPolygonPointInside" computerName="MSSQLSERVER008" duration="00:00:00.0047304" startTime="2022-06-11T20:01:08.5178918+02:00" endTime="2022-06-11T20:01:08.5248918+02:00" testType="13cdc9d9-ddb5-4fa4-a97d-d965ccfc6d4b" outcome="Passed" testListId="8c84fa94-04c1-424b-9868-57a2d4851a1d">
      <Output>
      </Output>
    </UnitTestResult>
    <UnitTestResult executionId="ae079299-f970-44c5-bc9d-d125eaf08b09" testId="6622d7b8-e194-21a5-e5b7-d9d180c60f5f" testName="TestPolygonTryToInsertStringPoint" computerName="MSSQLSERVER008" duration="00:00:00.0022549" startTime="2022-06-11T20:01:08.5288918+02:00" endTime="2022-06-11T20:01:08.5338918+02:00" testType="13cdc9d9-ddb5-4fa4-a97d-d965ccfc6d4b" outcome="Passed" testListId="8c84fa94-04c1-424b-9868-57a2d4851a1d">
      <Output>
        <StdOut>Test Passed
A .NET Framework error occurred during execution of user-defined routine or aggregate "Polygon": 
System.FormatException: Nieprawidłowy format ciągu wejściowego.
System.FormatException: 
   w System.Number.StringToNumber(String str, NumberStyles options, NumberBuffer&amp; number, NumberFormatInfo info, Boolean parseDecimal)
   w System.Number.ParseInt32(String s, NumberStyles style, NumberFormatInfo info)
   w System.Int32.Parse(String s)
   w Polygon.Parse(SqlString value)
.
The statement has been terminated.</StdOut>
      </Output>
    </UnitTestResult>
    <UnitTestResult executionId="4703f7f0-e7c4-4220-ba16-c77b6141547e" testId="6d0fe11c-e0c5-c7b5-76ef-9229270c078b" testName="TestPolygonInsertTrue" computerName="MSSQLSERVER008" duration="00:00:00.0038156" startTime="2022-06-11T20:01:08.5358918+02:00" endTime="2022-06-11T20:01:08.5428918+02:00" testType="13cdc9d9-ddb5-4fa4-a97d-d965ccfc6d4b" outcome="Passed" testListId="8c84fa94-04c1-424b-9868-57a2d4851a1d">
      <Output>
      </Output>
    </UnitTestResult>
    <UnitTestResult executionId="82dbf201-3632-4ae8-b5f2-4388042ad50d" testId="85d903ef-e8af-53fa-d968-0206a904f44e" testName="TestPointToString" computerName="MSSQLSERVER008" duration="00:00:00.0023595" startTime="2022-06-11T20:01:08.5458918+02:00" endTime="2022-06-11T20:01:08.5508918+02:00" testType="13cdc9d9-ddb5-4fa4-a97d-d965ccfc6d4b" outcome="Passed" testListId="8c84fa94-04c1-424b-9868-57a2d4851a1d">
      <Output>
      </Output>
    </UnitTestResult>
    <UnitTestResult executionId="3647d231-e252-43ca-a394-5eff67ea9d1d" testId="9d41b0b6-7b2e-1651-d7ab-4d423a17f002" testName="TestPointTryToInsertStringPoint" computerName="MSSQLSERVER008" duration="00:00:00.0021967" startTime="2022-06-11T20:01:08.5538918+02:00" endTime="2022-06-11T20:01:08.5578918+02:00" testType="13cdc9d9-ddb5-4fa4-a97d-d965ccfc6d4b" outcome="Passed" testListId="8c84fa94-04c1-424b-9868-57a2d4851a1d">
      <Output>
        <StdOut>Test Passed
A .NET Framework error occurred during execution of user-defined routine or aggregate "Point": 
System.FormatException: Nieprawidłowy format ciągu wejściowego.
System.FormatException: 
   w System.Number.StringToNumber(String str, NumberStyles options, NumberBuffer&amp; number, NumberFormatInfo info, Boolean parseDecimal)
   w System.Number.ParseInt32(String s, NumberStyles style, NumberFormatInfo info)
   w System.Int32.Parse(String s)
   w Point.Parse(SqlString value)
.
The statement has been terminated.</StdOut>
      </Output>
    </UnitTestResult>
    <UnitTestResult executionId="b9df0a77-6c31-483a-958f-0f8c27d1cf16" testId="a5968590-10f2-dacf-bc06-bebef087cbe4" testName="TestPointTryToInsertDoublePoint" computerName="MSSQLSERVER008" duration="00:00:00.0018570" startTime="2022-06-11T20:01:08.5608918+02:00" endTime="2022-06-11T20:01:08.5658918+02:00" testType="13cdc9d9-ddb5-4fa4-a97d-d965ccfc6d4b" outcome="Passed" testListId="8c84fa94-04c1-424b-9868-57a2d4851a1d">
      <Output>
        <StdOut>Test Passed
A .NET Framework error occurred during execution of user-defined routine or aggregate "Point": 
System.FormatException: Nieprawidłowy format ciągu wejściowego.
System.FormatException: 
   w System.Number.StringToNumber(String str, NumberStyles options, NumberBuffer&amp; number, NumberFormatInfo info, Boolean parseDecimal)
   w System.Number.ParseInt32(String s, NumberStyles style, NumberFormatInfo info)
   w System.Int32.Parse(String s)
   w Point.Parse(SqlString value)
.
The statement has been terminated.</StdOut>
      </Output>
    </UnitTestResult>
    <UnitTestResult executionId="7a16685b-02dc-4e63-b79b-a937e7f6eab0" testId="b8c1d272-aad1-fc85-0663-60cb73a59f47" testName="TestInsertWithEqualVerticesToPolygon" computerName="MSSQLSERVER008" duration="00:00:00.0017743" startTime="2022-06-11T20:01:08.5678918+02:00" endTime="2022-06-11T20:01:08.5718918+02:00" testType="13cdc9d9-ddb5-4fa4-a97d-d965ccfc6d4b" outcome="Passed" testListId="8c84fa94-04c1-424b-9868-57a2d4851a1d">
      <Output>
        <StdOut>Test Passed
A .NET Framework error occurred during execution of user-defined routine or aggregate "Polygon": 
System.ArgumentException: Invalid Polygon. Some vertices are equal.
System.ArgumentException: 
   w Polygon.Parse(SqlString value)
.
The statement has been terminated.</StdOut>
      </Output>
    </UnitTestResult>
    <UnitTestResult executionId="30895e00-2bf4-4bc9-8da9-c835be6ab949" testId="c4e17b35-ede1-86ba-1c61-22118f93737d" testName="TestPolygonToString" computerName="MSSQLSERVER008" duration="00:00:00.0027582" startTime="2022-06-11T20:01:08.5748918+02:00" endTime="2022-06-11T20:01:08.5808918+02:00" testType="13cdc9d9-ddb5-4fa4-a97d-d965ccfc6d4b" outcome="Passed" testListId="8c84fa94-04c1-424b-9868-57a2d4851a1d">
      <Output>
      </Output>
    </UnitTestResult>
    <UnitTestResult executionId="45990731-50d2-4363-8abc-8dc4b1e32328" testId="e82c0de2-105f-b7bf-4ead-1af9dbf81c9a" testName="TestInsertWithLessThan3VerticesToPolygon" computerName="MSSQLSERVER008" duration="00:00:00.0020633" startTime="2022-06-11T20:01:08.5828918+02:00" endTime="2022-06-11T20:01:08.5878918+02:00" testType="13cdc9d9-ddb5-4fa4-a97d-d965ccfc6d4b" outcome="Passed" testListId="8c84fa94-04c1-424b-9868-57a2d4851a1d">
      <Output>
        <StdOut>Test Passed
A .NET Framework error occurred during execution of user-defined routine or aggregate "Polygon": 
System.ArgumentException: Invalid Polygon. Provide more then 3 vertices.
System.ArgumentException: 
   w Polygon.Parse(SqlString value)
.
The statement has been terminated.</StdOut>
      </Output>
    </UnitTestResult>
    <UnitTestResult executionId="ac38ea36-b5f4-42cc-8279-4fc5f7385a7c" testId="f314c195-ac22-0b37-d4cb-c3d78603d852" testName="TestAreaOfPolygon" computerName="MSSQLSERVER008" duration="00:00:00.0025664" startTime="2022-06-11T20:01:08.5908918+02:00" endTime="2022-06-11T20:01:08.5958918+02:00" testType="13cdc9d9-ddb5-4fa4-a97d-d965ccfc6d4b" outcome="Passed" testListId="8c84fa94-04c1-424b-9868-57a2d4851a1d">
      <Output>
      </Output>
    </UnitTestResult>
    <UnitTestResult executionId="0793b85a-3a06-4a43-81fb-22388ab4917f" testId="f4679840-e4d2-7c15-7c41-edc70f922329" testName="TestGetXFromPoint" computerName="MSSQLSERVER008" duration="00:00:00.0022674" startTime="2022-06-11T20:01:08.5988918+02:00" endTime="2022-06-11T20:01:08.6038918+02:00" testType="13cdc9d9-ddb5-4fa4-a97d-d965ccfc6d4b" outcome="Passed" testListId="8c84fa94-04c1-424b-9868-57a2d4851a1d">
      <Output>
      </Output>
    </UnitTestResult>
  </Results>
</TestRun>