<?xml version="1.0" encoding="UTF-8"?>
<TestRun id="f7fac7a8-30e5-4cfb-bd5b-bca855bc26da" name="Administrator@MSSQLSERVER008 2022-06-11 19:54:16" runUser="MSSQLSERVER008\Administrator" xmlns="http://microsoft.com/schemas/VisualStudio/TeamTest/2006">
  <TestRunConfiguration name="Local Test Run" id="bd454a8c-6d30-410a-8ddd-a96b5ebeade3">
    <Description>This is a default test run configuration for a local test run.</Description>
    <Deployment runDeploymentRoot="C:\Users\Administrator\Pictures\Projekt_BD2_nr1\Projekt_BD2_nr1\Projekt_BD2_nr1\TwoDimensionalTypeData\TestResults\Administrator_MSSQLSERVER008 2022-06-11 19_54_16" />
    <TestTypeSpecific />
  </TestRunConfiguration>
  <ResultSummary outcome="Failed">
    <Counters total="15" executed="15" passed="13" error="0" failed="2" timeout="0" aborted="0" inconclusive="0" passedButRunAborted="0" notRunnable="0" notExecuted="0" disconnected="0" warning="0" completed="0" inProgress="0" pending="0" />
  </ResultSummary>
  <Times creation="2022-06-11T19:54:16.3358918+02:00" queuing="2022-06-11T19:54:18.1408918+02:00" start="2022-06-11T19:54:18.2868918+02:00" finish="2022-06-11T19:54:19.1148918+02:00" />
  <TestDefinitions>
    <UnitTest name="TestInsertWithLessThan3VerticesToPolygon" storage="c:\users\administrator\pictures\projekt_bd2_nr1\projekt_bd2_nr1\projekt_bd2_nr1\twodimensionaltypedata\twodimensionalunittests\bin\debug\unittests.dll" id="e82c0de2-105f-b7bf-4ead-1af9dbf81c9a">
      <Css projectStructure="" iteration="" />
      <Owners>
        <Owner name="" />
      </Owners>
      <Execution id="6458c2ca-11f8-455a-8370-1f453b2721f7" />
      <TestMethod codeBase="C:\Users\Administrator\Pictures\Projekt_BD2_nr1\Projekt_BD2_nr1\Projekt_BD2_nr1\TwoDimensionalTypeData\TwoDimensionalUnitTests\bin\Debug\UnitTests.dll" adapterTypeName="Microsoft.VisualStudio.TestTools.TestTypes.Unit.UnitTestAdapter, Microsoft.VisualStudio.QualityTools.Tips.UnitTest.Adapter, Version=9.0.0.0, Culture=neutral, PublicKeyToken=b03f5f7f11d50a3a" className="TwoDimensionalUnitTests.PolygonTests, UnitTests" name="TestInsertWithLessThan3VerticesToPolygon" />
    </UnitTest>
    <UnitTest name="TestPolygonInsertTrue" storage="c:\users\administrator\pictures\projekt_bd2_nr1\projekt_bd2_nr1\projekt_bd2_nr1\twodimensionaltypedata\twodimensionalunittests\bin\debug\unittests.dll" id="6d0fe11c-e0c5-c7b5-76ef-9229270c078b">
      <Css projectStructure="" iteration="" />
      <Owners>
        <Owner name="" />
      </Owners>
      <Execution id="1ed4e0cf-f9d6-4e7d-a6c7-969390c95527" />
      <TestMethod codeBase="C:\Users\Administrator\Pictures\Projekt_BD2_nr1\Projekt_BD2_nr1\Projekt_BD2_nr1\TwoDimensionalTypeData\TwoDimensionalUnitTests\bin\Debug\UnitTests.dll" adapterTypeName="Microsoft.VisualStudio.TestTools.TestTypes.Unit.UnitTestAdapter, Microsoft.VisualStudio.QualityTools.Tips.UnitTest.Adapter, Version=9.0.0.0, Culture=neutral, PublicKeyToken=b03f5f7f11d50a3a" className="TwoDimensionalUnitTests.PolygonTests, UnitTests" name="TestPolygonInsertTrue" />
    </UnitTest>
    <UnitTest name="TestAreaOfPolygon" storage="c:\users\administrator\pictures\projekt_bd2_nr1\projekt_bd2_nr1\projekt_bd2_nr1\twodimensionaltypedata\twodimensionalunittests\bin\debug\unittests.dll" id="f314c195-ac22-0b37-d4cb-c3d78603d852">
      <Css projectStructure="" iteration="" />
      <Owners>
        <Owner name="" />
      </Owners>
      <Execution id="d429d127-e499-48ae-9f8e-8f9461b432cb" />
      <TestMethod codeBase="C:\Users\Administrator\Pictures\Projekt_BD2_nr1\Projekt_BD2_nr1\Projekt_BD2_nr1\TwoDimensionalTypeData\TwoDimensionalUnitTests\bin\Debug\UnitTests.dll" adapterTypeName="Microsoft.VisualStudio.TestTools.TestTypes.Unit.UnitTestAdapter, Microsoft.VisualStudio.QualityTools.Tips.UnitTest.Adapter, Version=9.0.0.0, Culture=neutral, PublicKeyToken=b03f5f7f11d50a3a" className="TwoDimensionalUnitTests.PolygonTests, UnitTests" name="TestAreaOfPolygon" />
    </UnitTest>
    <UnitTest name="TestInsertWithEqualVerticesToPolygon" storage="c:\users\administrator\pictures\projekt_bd2_nr1\projekt_bd2_nr1\projekt_bd2_nr1\twodimensionaltypedata\twodimensionalunittests\bin\debug\unittests.dll" id="b8c1d272-aad1-fc85-0663-60cb73a59f47">
      <Css projectStructure="" iteration="" />
      <Owners>
        <Owner name="" />
      </Owners>
      <Execution id="8b935e1e-7743-4e31-92ae-9e737ada78f6" />
      <TestMethod codeBase="C:\Users\Administrator\Pictures\Projekt_BD2_nr1\Projekt_BD2_nr1\Projekt_BD2_nr1\TwoDimensionalTypeData\TwoDimensionalUnitTests\bin\Debug\UnitTests.dll" adapterTypeName="Microsoft.VisualStudio.TestTools.TestTypes.Unit.UnitTestAdapter, Microsoft.VisualStudio.QualityTools.Tips.UnitTest.Adapter, Version=9.0.0.0, Culture=neutral, PublicKeyToken=b03f5f7f11d50a3a" className="TwoDimensionalUnitTests.PolygonTests, UnitTests" name="TestInsertWithEqualVerticesToPolygon" />
    </UnitTest>
    <UnitTest name="TestGetXFromPoint" storage="c:\users\administrator\pictures\projekt_bd2_nr1\projekt_bd2_nr1\projekt_bd2_nr1\twodimensionaltypedata\twodimensionalunittests\bin\debug\unittests.dll" id="f4679840-e4d2-7c15-7c41-edc70f922329">
      <Css projectStructure="" iteration="" />
      <Owners>
        <Owner name="" />
      </Owners>
      <Execution id="4c191df8-2263-4838-9f30-fd2b58597c8b" />
      <TestMethod codeBase="C:\Users\Administrator\Pictures\Projekt_BD2_nr1\Projekt_BD2_nr1\Projekt_BD2_nr1\TwoDimensionalTypeData\TwoDimensionalUnitTests\bin\Debug\UnitTests.dll" adapterTypeName="Microsoft.VisualStudio.TestTools.TestTypes.Unit.UnitTestAdapter, Microsoft.VisualStudio.QualityTools.Tips.UnitTest.Adapter, Version=9.0.0.0, Culture=neutral, PublicKeyToken=b03f5f7f11d50a3a" className="TwoDimensionalUnitTests.PointTests, UnitTests" name="TestGetXFromPoint" />
    </UnitTest>
    <UnitTest name="TestDistanceOfPoints" storage="c:\users\administrator\pictures\projekt_bd2_nr1\projekt_bd2_nr1\projekt_bd2_nr1\twodimensionaltypedata\twodimensionalunittests\bin\debug\unittests.dll" id="1b89ed30-7d36-096c-90f9-de459941a913">
      <Css projectStructure="" iteration="" />
      <Owners>
        <Owner name="" />
      </Owners>
      <Execution id="88f6dea5-e6b9-4356-854c-057c9f8a0109" />
      <TestMethod codeBase="C:\Users\Administrator\Pictures\Projekt_BD2_nr1\Projekt_BD2_nr1\Projekt_BD2_nr1\TwoDimensionalTypeData\TwoDimensionalUnitTests\bin\Debug\UnitTests.dll" adapterTypeName="Microsoft.VisualStudio.TestTools.TestTypes.Unit.UnitTestAdapter, Microsoft.VisualStudio.QualityTools.Tips.UnitTest.Adapter, Version=9.0.0.0, Culture=neutral, PublicKeyToken=b03f5f7f11d50a3a" className="TwoDimensionalUnitTests.PointTests, UnitTests" name="TestDistanceOfPoints" />
    </UnitTest>
    <UnitTest name="TestGetYFromPoint" storage="c:\users\administrator\pictures\projekt_bd2_nr1\projekt_bd2_nr1\projekt_bd2_nr1\twodimensionaltypedata\twodimensionalunittests\bin\debug\unittests.dll" id="3ae32d2e-2a4a-6d8c-97c9-f9a48b062efa">
      <Css projectStructure="" iteration="" />
      <Owners>
        <Owner name="" />
      </Owners>
      <Execution id="46dc3c60-f67f-42ed-83ca-05c1a1cfe925" />
      <TestMethod codeBase="C:\Users\Administrator\Pictures\Projekt_BD2_nr1\Projekt_BD2_nr1\Projekt_BD2_nr1\TwoDimensionalTypeData\TwoDimensionalUnitTests\bin\Debug\UnitTests.dll" adapterTypeName="Microsoft.VisualStudio.TestTools.TestTypes.Unit.UnitTestAdapter, Microsoft.VisualStudio.QualityTools.Tips.UnitTest.Adapter, Version=9.0.0.0, Culture=neutral, PublicKeyToken=b03f5f7f11d50a3a" className="TwoDimensionalUnitTests.PointTests, UnitTests" name="TestGetYFromPoint" />
    </UnitTest>
    <UnitTest name="TestPolygonTryToInsertStringPoint" storage="c:\users\administrator\pictures\projekt_bd2_nr1\projekt_bd2_nr1\projekt_bd2_nr1\twodimensionaltypedata\twodimensionalunittests\bin\debug\unittests.dll" id="6622d7b8-e194-21a5-e5b7-d9d180c60f5f">
      <Css projectStructure="" iteration="" />
      <Owners>
        <Owner name="" />
      </Owners>
      <Execution id="ec8f31b4-1f3b-41dd-bf2a-f2ef3a1c0962" />
      <TestMethod codeBase="C:\Users\Administrator\Pictures\Projekt_BD2_nr1\Projekt_BD2_nr1\Projekt_BD2_nr1\TwoDimensionalTypeData\TwoDimensionalUnitTests\bin\Debug\UnitTests.dll" adapterTypeName="Microsoft.VisualStudio.TestTools.TestTypes.Unit.UnitTestAdapter, Microsoft.VisualStudio.QualityTools.Tips.UnitTest.Adapter, Version=9.0.0.0, Culture=neutral, PublicKeyToken=b03f5f7f11d50a3a" className="TwoDimensionalUnitTests.PolygonTests, UnitTests" name="TestPolygonTryToInsertStringPoint" />
    </UnitTest>
    <UnitTest name="TestFalseForPolygonPointInside" storage="c:\users\administrator\pictures\projekt_bd2_nr1\projekt_bd2_nr1\projekt_bd2_nr1\twodimensionaltypedata\twodimensionalunittests\bin\debug\unittests.dll" id="1b4dbf96-9731-e576-ff96-e31b8a60f6f5">
      <Css projectStructure="" iteration="" />
      <Owners>
        <Owner name="" />
      </Owners>
      <Execution id="3bd84c81-cddc-4d54-88a6-b4be9549e225" />
      <TestMethod codeBase="C:\Users\Administrator\Pictures\Projekt_BD2_nr1\Projekt_BD2_nr1\Projekt_BD2_nr1\TwoDimensionalTypeData\TwoDimensionalUnitTests\bin\Debug\UnitTests.dll" adapterTypeName="Microsoft.VisualStudio.TestTools.TestTypes.Unit.UnitTestAdapter, Microsoft.VisualStudio.QualityTools.Tips.UnitTest.Adapter, Version=9.0.0.0, Culture=neutral, PublicKeyToken=b03f5f7f11d50a3a" className="TwoDimensionalUnitTests.PolygonTests, UnitTests" name="TestFalseForPolygonPointInside" />
    </UnitTest>
    <UnitTest name="TestPolygonToString" storage="c:\users\administrator\pictures\projekt_bd2_nr1\projekt_bd2_nr1\projekt_bd2_nr1\twodimensionaltypedata\twodimensionalunittests\bin\debug\unittests.dll" id="c4e17b35-ede1-86ba-1c61-22118f93737d">
      <Css projectStructure="" iteration="" />
      <Owners>
        <Owner name="" />
      </Owners>
      <Execution id="37a17a23-bc9e-4b67-9786-d16877c99e41" />
      <TestMethod codeBase="C:\Users\Administrator\Pictures\Projekt_BD2_nr1\Projekt_BD2_nr1\Projekt_BD2_nr1\TwoDimensionalTypeData\TwoDimensionalUnitTests\bin\Debug\UnitTests.dll" adapterTypeName="Microsoft.VisualStudio.TestTools.TestTypes.Unit.UnitTestAdapter, Microsoft.VisualStudio.QualityTools.Tips.UnitTest.Adapter, Version=9.0.0.0, Culture=neutral, PublicKeyToken=b03f5f7f11d50a3a" className="TwoDimensionalUnitTests.PolygonTests, UnitTests" name="TestPolygonToString" />
    </UnitTest>
    <UnitTest name="TestPointTryToInsertDoublePoint" storage="c:\users\administrator\pictures\projekt_bd2_nr1\projekt_bd2_nr1\projekt_bd2_nr1\twodimensionaltypedata\twodimensionalunittests\bin\debug\unittests.dll" id="a5968590-10f2-dacf-bc06-bebef087cbe4">
      <Css projectStructure="" iteration="" />
      <Owners>
        <Owner name="" />
      </Owners>
      <Execution id="2f5eddd5-e9c5-4fc8-9003-ea7370ed1edd" />
      <TestMethod codeBase="C:\Users\Administrator\Pictures\Projekt_BD2_nr1\Projekt_BD2_nr1\Projekt_BD2_nr1\TwoDimensionalTypeData\TwoDimensionalUnitTests\bin\Debug\UnitTests.dll" adapterTypeName="Microsoft.VisualStudio.TestTools.TestTypes.Unit.UnitTestAdapter, Microsoft.VisualStudio.QualityTools.Tips.UnitTest.Adapter, Version=9.0.0.0, Culture=neutral, PublicKeyToken=b03f5f7f11d50a3a" className="TwoDimensionalUnitTests.PointTests, UnitTests" name="TestPointTryToInsertDoublePoint" />
    </UnitTest>
    <UnitTest name="TestPolygonTryToInsertDoublePoint" storage="c:\users\administrator\pictures\projekt_bd2_nr1\projekt_bd2_nr1\projekt_bd2_nr1\twodimensionaltypedata\twodimensionalunittests\bin\debug\unittests.dll" id="29a6a959-8879-2661-69a9-22f21618a378">
      <Css projectStructure="" iteration="" />
      <Owners>
        <Owner name="" />
      </Owners>
      <Execution id="2bea1288-ecdd-42bb-a089-332465f393d8" />
      <TestMethod codeBase="C:\Users\Administrator\Pictures\Projekt_BD2_nr1\Projekt_BD2_nr1\Projekt_BD2_nr1\TwoDimensionalTypeData\TwoDimensionalUnitTests\bin\Debug\UnitTests.dll" adapterTypeName="Microsoft.VisualStudio.TestTools.TestTypes.Unit.UnitTestAdapter, Microsoft.VisualStudio.QualityTools.Tips.UnitTest.Adapter, Version=9.0.0.0, Culture=neutral, PublicKeyToken=b03f5f7f11d50a3a" className="TwoDimensionalUnitTests.PolygonTests, UnitTests" name="TestPolygonTryToInsertDoublePoint" />
    </UnitTest>
    <UnitTest name="TestPointToString" storage="c:\users\administrator\pictures\projekt_bd2_nr1\projekt_bd2_nr1\projekt_bd2_nr1\twodimensionaltypedata\twodimensionalunittests\bin\debug\unittests.dll" id="85d903ef-e8af-53fa-d968-0206a904f44e">
      <Css projectStructure="" iteration="" />
      <Owners>
        <Owner name="" />
      </Owners>
      <Execution id="c0c9e26d-104f-46f8-9af5-da5002334a95" />
      <TestMethod codeBase="C:\Users\Administrator\Pictures\Projekt_BD2_nr1\Projekt_BD2_nr1\Projekt_BD2_nr1\TwoDimensionalTypeData\TwoDimensionalUnitTests\bin\Debug\UnitTests.dll" adapterTypeName="Microsoft.VisualStudio.TestTools.TestTypes.Unit.UnitTestAdapter, Microsoft.VisualStudio.QualityTools.Tips.UnitTest.Adapter, Version=9.0.0.0, Culture=neutral, PublicKeyToken=b03f5f7f11d50a3a" className="TwoDimensionalUnitTests.PointTests, UnitTests" name="TestPointToString" />
    </UnitTest>
    <UnitTest name="TestPointTryToInsertStringPoint" storage="c:\users\administrator\pictures\projekt_bd2_nr1\projekt_bd2_nr1\projekt_bd2_nr1\twodimensionaltypedata\twodimensionalunittests\bin\debug\unittests.dll" id="9d41b0b6-7b2e-1651-d7ab-4d423a17f002">
      <Css projectStructure="" iteration="" />
      <Owners>
        <Owner name="" />
      </Owners>
      <Execution id="2d9f74dd-b266-44d0-a808-85e03084f8c6" />
      <TestMethod codeBase="C:\Users\Administrator\Pictures\Projekt_BD2_nr1\Projekt_BD2_nr1\Projekt_BD2_nr1\TwoDimensionalTypeData\TwoDimensionalUnitTests\bin\Debug\UnitTests.dll" adapterTypeName="Microsoft.VisualStudio.TestTools.TestTypes.Unit.UnitTestAdapter, Microsoft.VisualStudio.QualityTools.Tips.UnitTest.Adapter, Version=9.0.0.0, Culture=neutral, PublicKeyToken=b03f5f7f11d50a3a" className="TwoDimensionalUnitTests.PointTests, UnitTests" name="TestPointTryToInsertStringPoint" />
    </UnitTest>
    <UnitTest name="TestTrueForPolygonPointInside" storage="c:\users\administrator\pictures\projekt_bd2_nr1\projekt_bd2_nr1\projekt_bd2_nr1\twodimensionaltypedata\twodimensionalunittests\bin\debug\unittests.dll" id="63913b23-6834-88a6-6920-cee4fe6abc21">
      <Css projectStructure="" iteration="" />
      <Owners>
        <Owner name="" />
      </Owners>
      <Execution id="19094af9-687d-4e26-990f-940740bd6272" />
      <TestMethod codeBase="C:\Users\Administrator\Pictures\Projekt_BD2_nr1\Projekt_BD2_nr1\Projekt_BD2_nr1\TwoDimensionalTypeData\TwoDimensionalUnitTests\bin\Debug\UnitTests.dll" adapterTypeName="Microsoft.VisualStudio.TestTools.TestTypes.Unit.UnitTestAdapter, Microsoft.VisualStudio.QualityTools.Tips.UnitTest.Adapter, Version=9.0.0.0, Culture=neutral, PublicKeyToken=b03f5f7f11d50a3a" className="TwoDimensionalUnitTests.PolygonTests, UnitTests" name="TestTrueForPolygonPointInside" />
    </UnitTest>
  </TestDefinitions>
  <TestLists>
    <TestList name="Results Not in a List" id="8c84fa94-04c1-424b-9868-57a2d4851a1d" />
    <TestList name="All Loaded Results" id="19431567-8539-422a-85d7-44ee4e166bda" />
  </TestLists>
  <TestEntries>
    <TestEntry testId="1b4dbf96-9731-e576-ff96-e31b8a60f6f5" executionId="3bd84c81-cddc-4d54-88a6-b4be9549e225" testListId="8c84fa94-04c1-424b-9868-57a2d4851a1d" />
    <TestEntry testId="1b89ed30-7d36-096c-90f9-de459941a913" executionId="88f6dea5-e6b9-4356-854c-057c9f8a0109" testListId="8c84fa94-04c1-424b-9868-57a2d4851a1d" />
    <TestEntry testId="29a6a959-8879-2661-69a9-22f21618a378" executionId="2bea1288-ecdd-42bb-a089-332465f393d8" testListId="8c84fa94-04c1-424b-9868-57a2d4851a1d" />
    <TestEntry testId="3ae32d2e-2a4a-6d8c-97c9-f9a48b062efa" executionId="46dc3c60-f67f-42ed-83ca-05c1a1cfe925" testListId="8c84fa94-04c1-424b-9868-57a2d4851a1d" />
    <TestEntry testId="63913b23-6834-88a6-6920-cee4fe6abc21" executionId="19094af9-687d-4e26-990f-940740bd6272" testListId="8c84fa94-04c1-424b-9868-57a2d4851a1d" />
    <TestEntry testId="6622d7b8-e194-21a5-e5b7-d9d180c60f5f" executionId="ec8f31b4-1f3b-41dd-bf2a-f2ef3a1c0962" testListId="8c84fa94-04c1-424b-9868-57a2d4851a1d" />
    <TestEntry testId="6d0fe11c-e0c5-c7b5-76ef-9229270c078b" executionId="1ed4e0cf-f9d6-4e7d-a6c7-969390c95527" testListId="8c84fa94-04c1-424b-9868-57a2d4851a1d" />
    <TestEntry testId="85d903ef-e8af-53fa-d968-0206a904f44e" executionId="c0c9e26d-104f-46f8-9af5-da5002334a95" testListId="8c84fa94-04c1-424b-9868-57a2d4851a1d" />
    <TestEntry testId="9d41b0b6-7b2e-1651-d7ab-4d423a17f002" executionId="2d9f74dd-b266-44d0-a808-85e03084f8c6" testListId="8c84fa94-04c1-424b-9868-57a2d4851a1d" />
    <TestEntry testId="a5968590-10f2-dacf-bc06-bebef087cbe4" executionId="2f5eddd5-e9c5-4fc8-9003-ea7370ed1edd" testListId="8c84fa94-04c1-424b-9868-57a2d4851a1d" />
    <TestEntry testId="b8c1d272-aad1-fc85-0663-60cb73a59f47" executionId="8b935e1e-7743-4e31-92ae-9e737ada78f6" testListId="8c84fa94-04c1-424b-9868-57a2d4851a1d" />
    <TestEntry testId="c4e17b35-ede1-86ba-1c61-22118f93737d" executionId="37a17a23-bc9e-4b67-9786-d16877c99e41" testListId="8c84fa94-04c1-424b-9868-57a2d4851a1d" />
    <TestEntry testId="e82c0de2-105f-b7bf-4ead-1af9dbf81c9a" executionId="6458c2ca-11f8-455a-8370-1f453b2721f7" testListId="8c84fa94-04c1-424b-9868-57a2d4851a1d" />
    <TestEntry testId="f314c195-ac22-0b37-d4cb-c3d78603d852" executionId="d429d127-e499-48ae-9f8e-8f9461b432cb" testListId="8c84fa94-04c1-424b-9868-57a2d4851a1d" />
    <TestEntry testId="f4679840-e4d2-7c15-7c41-edc70f922329" executionId="4c191df8-2263-4838-9f30-fd2b58597c8b" testListId="8c84fa94-04c1-424b-9868-57a2d4851a1d" />
  </TestEntries>
  <Results>
    <UnitTestResult executionId="3bd84c81-cddc-4d54-88a6-b4be9549e225" testId="1b4dbf96-9731-e576-ff96-e31b8a60f6f5" testName="TestFalseForPolygonPointInside" computerName="MSSQLSERVER008" duration="00:00:00.0043230" startTime="2022-06-11T19:54:18.3148918+02:00" endTime="2022-06-11T19:54:18.5658918+02:00" testType="13cdc9d9-ddb5-4fa4-a97d-d965ccfc6d4b" outcome="Passed" testListId="8c84fa94-04c1-424b-9868-57a2d4851a1d">
      <Output>
      </Output>
    </UnitTestResult>
    <UnitTestResult executionId="88f6dea5-e6b9-4356-854c-057c9f8a0109" testId="1b89ed30-7d36-096c-90f9-de459941a913" testName="TestDistanceOfPoints" computerName="MSSQLSERVER008" duration="00:00:00.0062227" startTime="2022-06-11T19:54:18.5698918+02:00" endTime="2022-06-11T19:54:18.5848918+02:00" testType="13cdc9d9-ddb5-4fa4-a97d-d965ccfc6d4b" outcome="Passed" testListId="8c84fa94-04c1-424b-9868-57a2d4851a1d">
      <Output>
      </Output>
    </UnitTestResult>
    <UnitTestResult executionId="2bea1288-ecdd-42bb-a089-332465f393d8" testId="29a6a959-8879-2661-69a9-22f21618a378" testName="TestPolygonTryToInsertDoublePoint" computerName="MSSQLSERVER008" duration="00:00:00.0036723" startTime="2022-06-11T19:54:18.5878918+02:00" endTime="2022-06-11T19:54:18.5938918+02:00" testType="13cdc9d9-ddb5-4fa4-a97d-d965ccfc6d4b" outcome="Passed" testListId="8c84fa94-04c1-424b-9868-57a2d4851a1d">
      <Output>
        <StdOut>Test Passed
A .NET Framework error occurred during execution of user-defined routine or aggregate "Polygon": 
System.FormatException: Nieprawidłowy format ciągu wejściowego.
System.FormatException: 
   w System.Number.StringToNumber(String str, NumberStyles options, NumberBuffer&amp; number, NumberFormatInfo info, Boolean parseDecimal)
   w System.Number.ParseInt32(String s, NumberStyles style, NumberFormatInfo info)
   w System.Int32.Parse(String s)
   w Polygon.Parse(SqlString value)
.
The statement has been terminated.</StdOut>
      </Output>
    </UnitTestResult>
    <UnitTestResult executionId="46dc3c60-f67f-42ed-83ca-05c1a1cfe925" testId="3ae32d2e-2a4a-6d8c-97c9-f9a48b062efa" testName="TestGetYFromPoint" computerName="MSSQLSERVER008" duration="00:00:00.0024880" startTime="2022-06-11T19:54:18.5968918+02:00" endTime="2022-06-11T19:54:18.6028918+02:00" testType="13cdc9d9-ddb5-4fa4-a97d-d965ccfc6d4b" outcome="Passed" testListId="8c84fa94-04c1-424b-9868-57a2d4851a1d">
      <Output>
      </Output>
    </UnitTestResult>
    <UnitTestResult executionId="19094af9-687d-4e26-990f-940740bd6272" testId="63913b23-6834-88a6-6920-cee4fe6abc21" testName="TestTrueForPolygonPointInside" computerName="MSSQLSERVER008" duration="00:00:00.0042094" startTime="2022-06-11T19:54:18.6058918+02:00" endTime="2022-06-11T19:54:18.6128918+02:00" testType="13cdc9d9-ddb5-4fa4-a97d-d965ccfc6d4b" outcome="Passed" testListId="8c84fa94-04c1-424b-9868-57a2d4851a1d">
      <Output>
      </Output>
    </UnitTestResult>
    <UnitTestResult executionId="ec8f31b4-1f3b-41dd-bf2a-f2ef3a1c0962" testId="6622d7b8-e194-21a5-e5b7-d9d180c60f5f" testName="TestPolygonTryToInsertStringPoint" computerName="MSSQLSERVER008" duration="00:00:00.0021275" startTime="2022-06-11T19:54:18.6158918+02:00" endTime="2022-06-11T19:54:18.6198918+02:00" testType="13cdc9d9-ddb5-4fa4-a97d-d965ccfc6d4b" outcome="Passed" testListId="8c84fa94-04c1-424b-9868-57a2d4851a1d">
      <Output>
        <StdOut>Test Passed
A .NET Framework error occurred during execution of user-defined routine or aggregate "Polygon": 
System.FormatException: Nieprawidłowy format ciągu wejściowego.
System.FormatException: 
   w System.Number.StringToNumber(String str, NumberStyles options, NumberBuffer&amp; number, NumberFormatInfo info, Boolean parseDecimal)
   w System.Number.ParseInt32(String s, NumberStyles style, NumberFormatInfo info)
   w System.Int32.Parse(String s)
   w Polygon.Parse(SqlString value)
.
The statement has been terminated.</StdOut>
      </Output>
    </UnitTestResult>
    <UnitTestResult executionId="1ed4e0cf-f9d6-4e7d-a6c7-969390c95527" testId="6d0fe11c-e0c5-c7b5-76ef-9229270c078b" testName="TestPolygonInsertTrue" computerName="MSSQLSERVER008" duration="00:00:00.0018326" startTime="2022-06-11T19:54:18.6228918+02:00" endTime="2022-06-11T19:54:18.6278918+02:00" testType="13cdc9d9-ddb5-4fa4-a97d-d965ccfc6d4b" outcome="Passed" testListId="8c84fa94-04c1-424b-9868-57a2d4851a1d">
      <Output>
      </Output>
    </UnitTestResult>
    <UnitTestResult executionId="c0c9e26d-104f-46f8-9af5-da5002334a95" testId="85d903ef-e8af-53fa-d968-0206a904f44e" testName="TestPointToString" computerName="MSSQLSERVER008" duration="00:00:00.0031925" startTime="2022-06-11T19:54:18.6568918+02:00" endTime="2022-06-11T19:54:18.6628918+02:00" testType="13cdc9d9-ddb5-4fa4-a97d-d965ccfc6d4b" outcome="Passed" testListId="8c84fa94-04c1-424b-9868-57a2d4851a1d">
      <Output>
      </Output>
    </UnitTestResult>
    <UnitTestResult executionId="2d9f74dd-b266-44d0-a808-85e03084f8c6" testId="9d41b0b6-7b2e-1651-d7ab-4d423a17f002" testName="TestPointTryToInsertStringPoint" computerName="MSSQLSERVER008" duration="00:00:00.0029729" startTime="2022-06-11T19:54:18.6658918+02:00" endTime="2022-06-11T19:54:18.6728918+02:00" testType="13cdc9d9-ddb5-4fa4-a97d-d965ccfc6d4b" outcome="Passed" testListId="8c84fa94-04c1-424b-9868-57a2d4851a1d">
      <Output>
        <StdOut>Test Passed
A .NET Framework error occurred during execution of user-defined routine or aggregate "Point": 
System.FormatException: Nieprawidłowy format ciągu wejściowego.
System.FormatException: 
   w System.Number.StringToNumber(String str, NumberStyles options, NumberBuffer&amp; number, NumberFormatInfo info, Boolean parseDecimal)
   w System.Number.ParseInt32(String s, NumberStyles style, NumberFormatInfo info)
   w System.Int32.Parse(String s)
   w Point.Parse(SqlString value)
.
The statement has been terminated.</StdOut>
      </Output>
    </UnitTestResult>
    <UnitTestResult executionId="2f5eddd5-e9c5-4fc8-9003-ea7370ed1edd" testId="a5968590-10f2-dacf-bc06-bebef087cbe4" testName="TestPointTryToInsertDoublePoint" computerName="MSSQLSERVER008" duration="00:00:00.0020874" startTime="2022-06-11T19:54:18.6758918+02:00" endTime="2022-06-11T19:54:18.6808918+02:00" testType="13cdc9d9-ddb5-4fa4-a97d-d965ccfc6d4b" outcome="Passed" testListId="8c84fa94-04c1-424b-9868-57a2d4851a1d">
      <Output>
        <StdOut>Test Passed
A .NET Framework error occurred during execution of user-defined routine or aggregate "Point": 
System.FormatException: Nieprawidłowy format ciągu wejściowego.
System.FormatException: 
   w System.Number.StringToNumber(String str, NumberStyles options, NumberBuffer&amp; number, NumberFormatInfo info, Boolean parseDecimal)
   w System.Number.ParseInt32(String s, NumberStyles style, NumberFormatInfo info)
   w System.Int32.Parse(String s)
   w Point.Parse(SqlString value)
.
The statement has been terminated.</StdOut>
      </Output>
    </UnitTestResult>
    <UnitTestResult executionId="8b935e1e-7743-4e31-92ae-9e737ada78f6" testId="b8c1d272-aad1-fc85-0663-60cb73a59f47" testName="TestInsertWithEqualVerticesToPolygon" computerName="MSSQLSERVER008" duration="00:00:00.0030652" startTime="2022-06-11T19:54:18.6838918+02:00" endTime="2022-06-11T19:54:18.6898918+02:00" testType="13cdc9d9-ddb5-4fa4-a97d-d965ccfc6d4b" outcome="Passed" testListId="8c84fa94-04c1-424b-9868-57a2d4851a1d">
      <Output>
        <StdOut>Test Passed
A .NET Framework error occurred during execution of user-defined routine or aggregate "Polygon": 
System.ArgumentException: Invalid Polygon. Some vertices are equal.
System.ArgumentException: 
   w Polygon.Parse(SqlString value)
.
The statement has been terminated.</StdOut>
      </Output>
    </UnitTestResult>
    <UnitTestResult executionId="37a17a23-bc9e-4b67-9786-d16877c99e41" testId="c4e17b35-ede1-86ba-1c61-22118f93737d" testName="TestPolygonToString" computerName="MSSQLSERVER008" duration="00:00:00.2039861" startTime="2022-06-11T19:54:18.6958918+02:00" endTime="2022-06-11T19:54:18.9068918+02:00" testType="13cdc9d9-ddb5-4fa4-a97d-d965ccfc6d4b" outcome="Failed" testListId="8c84fa94-04c1-424b-9868-57a2d4851a1d">
      <Output>
        <ErrorInfo>
          <Message>Assert.AreEqual failed. Expected:&lt;[0;0][0;2][4;2][4;0]&gt;. Actual:&lt;[0;0][2;2][3;0]&gt;. </Message>
          <StackTrace>   w TwoDimensionalUnitTests.PolygonTests.TestPolygonToString() w C:\Users\Administrator\Pictures\Projekt_BD2_nr1\Projekt_BD2_nr1\Projekt_BD2_nr1\TwoDimensionalTypeData\TwoDimensionalUnitTests\PolygonTests.cs:wiersz 109
</StackTrace>
        </ErrorInfo>
      </Output>
    </UnitTestResult>
    <UnitTestResult executionId="6458c2ca-11f8-455a-8370-1f453b2721f7" testId="e82c0de2-105f-b7bf-4ead-1af9dbf81c9a" testName="TestInsertWithLessThan3VerticesToPolygon" computerName="MSSQLSERVER008" duration="00:00:00.0045391" startTime="2022-06-11T19:54:18.9198918+02:00" endTime="2022-06-11T19:54:18.9298918+02:00" testType="13cdc9d9-ddb5-4fa4-a97d-d965ccfc6d4b" outcome="Passed" testListId="8c84fa94-04c1-424b-9868-57a2d4851a1d">
      <Output>
        <StdOut>Test Passed
A .NET Framework error occurred during execution of user-defined routine or aggregate "Polygon": 
System.ArgumentException: Invalid Polygon. Provide more then 3 vertices.
System.ArgumentException: 
   w Polygon.Parse(SqlString value)
.
The statement has been terminated.</StdOut>
      </Output>
    </UnitTestResult>
    <UnitTestResult executionId="d429d127-e499-48ae-9f8e-8f9461b432cb" testId="f314c195-ac22-0b37-d4cb-c3d78603d852" testName="TestAreaOfPolygon" computerName="MSSQLSERVER008" duration="00:00:00.0061632" startTime="2022-06-11T19:54:18.9358918+02:00" endTime="2022-06-11T19:54:18.9468918+02:00" testType="13cdc9d9-ddb5-4fa4-a97d-d965ccfc6d4b" outcome="Failed" testListId="8c84fa94-04c1-424b-9868-57a2d4851a1d">
      <Output>
        <ErrorInfo>
          <Message>Assert.AreEqual failed. Expected:&lt;8&gt;. Actual:&lt;3&gt;. </Message>
          <StackTrace>   w TwoDimensionalUnitTests.PolygonTests.TestAreaOfPolygon() w C:\Users\Administrator\Pictures\Projekt_BD2_nr1\Projekt_BD2_nr1\Projekt_BD2_nr1\TwoDimensionalTypeData\TwoDimensionalUnitTests\PolygonTests.cs:wiersz 132
</StackTrace>
        </ErrorInfo>
      </Output>
    </UnitTestResult>
    <UnitTestResult executionId="4c191df8-2263-4838-9f30-fd2b58597c8b" testId="f4679840-e4d2-7c15-7c41-edc70f922329" testName="TestGetXFromPoint" computerName="MSSQLSERVER008" duration="00:00:00.0048826" startTime="2022-06-11T19:54:18.9678918+02:00" endTime="2022-06-11T19:54:18.9848918+02:00" testType="13cdc9d9-ddb5-4fa4-a97d-d965ccfc6d4b" outcome="Passed" testListId="8c84fa94-04c1-424b-9868-57a2d4851a1d">
      <Output>
      </Output>
    </UnitTestResult>
  </Results>
</TestRun>